// Jest Snapshot v1, https://goo.gl/fbAQLP

exports[`renders correctly 1`] = `
<View
  style={
    Object {
      "alignItems": "center",
      "backgroundColor": "#F5FCFF",
      "flex": 1,
      "justifyContent": "center",
    }
  }
>
  <Text
    style={
      Object {
        "fontSize": 20,
        "margin": 10,
        "textAlign": "center",
      }
    }
  >
    Список избранного пуст
  </Text>
  <View
    style={
      Object {
        "borderRadius": 3,
      }
    }
  >
    <View
      accessible={true}
      isTVSelectable={true}
      onResponderGrant={[Function]}
      onResponderMove={[Function]}
      onResponderRelease={[Function]}
      onResponderTerminate={[Function]}
      onResponderTerminationRequest={[Function]}
      onStartShouldSetResponder={[Function]}
      style={
        Object {
          "opacity": 1,
        }
      }
    >
      <View
        style={
          Object {
            "alignItems": "center",
            "backgroundColor": "rgba(92, 99,216, 1)",
            "borderColor": "transparent",
            "borderRadius": 5,
            "borderWidth": 0,
            "flexDirection": "row",
            "height": 45,
            "justifyContent": "center",
            "padding": 8,
            "width": 300,
          }
        }
      >
        <Text
          style={
            Object {
              "color": "white",
              "fontSize": 18,
              "paddingBottom": 1,
              "paddingTop": 2,
              "textAlign": "center",
            }
          }
        >
          Перейти к постам
        </Text>
      </View>
    </View>
  </View>
</View>
`;

exports[`renders correctly with empty feed but exists authors 1`] = `
<View
  style={
    Object {
      "alignItems": "center",
      "backgroundColor": "#F5FCFF",
      "flex": 1,
      "justifyContent": "center",
    }
  }
>
  <Text
    style={
      Object {
        "fontSize": 20,
        "margin": 10,
        "textAlign": "center",
      }
    }
  >
    Список избранного пуст
  </Text>
  <View
    style={
      Object {
        "borderRadius": 3,
      }
    }
  >
    <View
      accessible={true}
      isTVSelectable={true}
      onResponderGrant={[Function]}
      onResponderMove={[Function]}
      onResponderRelease={[Function]}
      onResponderTerminate={[Function]}
      onResponderTerminationRequest={[Function]}
      onStartShouldSetResponder={[Function]}
      style={
        Object {
          "opacity": 1,
        }
      }
    >
      <View
        style={
          Object {
            "alignItems": "center",
            "backgroundColor": "rgba(92, 99,216, 1)",
            "borderColor": "transparent",
            "borderRadius": 5,
            "borderWidth": 0,
            "flexDirection": "row",
            "height": 45,
            "justifyContent": "center",
            "padding": 8,
            "width": 300,
          }
        }
      >
        <Text
          style={
            Object {
              "color": "white",
              "fontSize": 18,
              "paddingBottom": 1,
              "paddingTop": 2,
              "textAlign": "center",
            }
          }
        >
          Перейти к постам
        </Text>
      </View>
    </View>
  </View>
</View>
`;

exports[`renders correctly with non empty feed and authors 1`] = `
<View
  style={
    Object {
      "alignItems": "center",
      "backgroundColor": "#F5FCFF",
      "flex": 1,
      "justifyContent": "center",
    }
  }
>
  <Text
    style={
      Object {
        "fontSize": 20,
        "margin": 10,
        "textAlign": "center",
      }
    }
  >
    Список избранного пуст
  </Text>
  <View
    style={
      Object {
        "borderRadius": 3,
      }
    }
  >
    <View
      accessible={true}
      isTVSelectable={true}
      onResponderGrant={[Function]}
      onResponderMove={[Function]}
      onResponderRelease={[Function]}
      onResponderTerminate={[Function]}
      onResponderTerminationRequest={[Function]}
      onStartShouldSetResponder={[Function]}
      style={
        Object {
          "opacity": 1,
        }
      }
    >
      <View
        style={
          Object {
            "alignItems": "center",
            "backgroundColor": "rgba(92, 99,216, 1)",
            "borderColor": "transparent",
            "borderRadius": 5,
            "borderWidth": 0,
            "flexDirection": "row",
            "height": 45,
            "justifyContent": "center",
            "padding": 8,
            "width": 300,
          }
        }
      >
        <Text
          style={
            Object {
              "color": "white",
              "fontSize": 18,
              "paddingBottom": 1,
              "paddingTop": 2,
              "textAlign": "center",
            }
          }
        >
          Перейти к постам
        </Text>
      </View>
    </View>
  </View>
</View>
`;
